// 重构日志: 93d49fc4
// 重构日志: 44a3af3b
// 重构日志: 094b9a20
// 重构日志: 217e5cb0
// 重构日志: 47ee3786
// 同步 ID: ae5fc897 @ Mon Jul 27 12:51:49 UTC 2026
// 同步 ID: 3061e3a0 @ Tue Jul 28 06:48:29 UTC 2026
// 同步 ID: 5af72dea @ Tue Jul 28 10:14:14 UTC 2026
// 重构日志: 2e611f45
// 重构日志: 69d37e40
// 重构日志: f102b037
// 同步 ID: c46924aa @ Wed Jul 29 12:32:59 UTC 2026
// 重构日志: 55c800d6
// 重构日志: 66d83b45
// 同步 ID: 901fc79e @ Thu Jul 30 17:25:40 UTC 2026
// 同步 ID: 5d906ec5 @ Sat Aug  1 08:29:23 UTC 2026
// 重构日志: c17ee897
// 重构日志: 2eb75042
// 重构日志: 869a057e
// 重构日志: 40e59acb
// 同步 ID: 8e2cbc7a @ Sun Aug  2 10:22:36 UTC 2026
// 重构日志: 26cc564e
// 重构日志: 71b96067
// 重构日志: ed4c9515
// 重构日志: 747c5283
// 重构日志: a721a4b2
// 重构日志: e52b880e
// 重构日志: c49ccd21
// 重构日志: db40c515
// 同步 ID: 2cddc517 @ Wed Aug  5 18:30:06 UTC 2026
// 重构日志: ea69fdf2
// 重构日志: bd5350cd
